Archive member included to satisfy reference by file (symbol)

c:/st/stm32cubeide_1.9.0/stm32cubeide/plugins/com.st.stm32cube.ide.mcu.externaltools.gnu-tools-for-stm32.10.3-2021.10.win32_1.0.0.202111181127/tools/bin/../lib/gcc/arm-none-eabi/10.3.1/../../../../arm-none-eabi/lib/thumb/v7e-m+fp/hard\libc_nano.a(lib_a-errno.o)
                              ./Core/Src/syscalls.o (__errno)
c:/st/stm32cubeide_1.9.0/stm32cubeide/plugins/com.st.stm32cube.ide.mcu.externaltools.gnu-tools-for-stm32.10.3-2021.10.win32_1.0.0.202111181127/tools/bin/../lib/gcc/arm-none-eabi/10.3.1/../../../../arm-none-eabi/lib/thumb/v7e-m+fp/hard\libc_nano.a(lib_a-exit.o)
                              c:/st/stm32cubeide_1.9.0/stm32cubeide/plugins/com.st.stm32cube.ide.mcu.externaltools.gnu-tools-for-stm32.10.3-2021.10.win32_1.0.0.202111181127/tools/bin/../lib/gcc/arm-none-eabi/10.3.1/../../../../arm-none-eabi/lib/thumb/v7e-m+fp/hard/crt0.o (exit)
c:/st/stm32cubeide_1.9.0/stm32cubeide/plugins/com.st.stm32cube.ide.mcu.externaltools.gnu-tools-for-stm32.10.3-2021.10.win32_1.0.0.202111181127/tools/bin/../lib/gcc/arm-none-eabi/10.3.1/../../../../arm-none-eabi/lib/thumb/v7e-m+fp/hard\libc_nano.a(lib_a-impure.o)
                              c:/st/stm32cubeide_1.9.0/stm32cubeide/plugins/com.st.stm32cube.ide.mcu.externaltools.gnu-tools-for-stm32.10.3-2021.10.win32_1.0.0.202111181127/tools/bin/../lib/gcc/arm-none-eabi/10.3.1/../../../../arm-none-eabi/lib/thumb/v7e-m+fp/hard\libc_nano.a(lib_a-exit.o) (_global_impure_ptr)
c:/st/stm32cubeide_1.9.0/stm32cubeide/plugins/com.st.stm32cube.ide.mcu.externaltools.gnu-tools-for-stm32.10.3-2021.10.win32_1.0.0.202111181127/tools/bin/../lib/gcc/arm-none-eabi/10.3.1/../../../../arm-none-eabi/lib/thumb/v7e-m+fp/hard\libc_nano.a(lib_a-init.o)
                              c:/st/stm32cubeide_1.9.0/stm32cubeide/plugins/com.st.stm32cube.ide.mcu.externaltools.gnu-tools-for-stm32.10.3-2021.10.win32_1.0.0.202111181127/tools/bin/../lib/gcc/arm-none-eabi/10.3.1/../../../../arm-none-eabi/lib/thumb/v7e-m+fp/hard/crt0.o (__libc_init_array)
c:/st/stm32cubeide_1.9.0/stm32cubeide/plugins/com.st.stm32cube.ide.mcu.externaltools.gnu-tools-for-stm32.10.3-2021.10.win32_1.0.0.202111181127/tools/bin/../lib/gcc/arm-none-eabi/10.3.1/../../../../arm-none-eabi/lib/thumb/v7e-m+fp/hard\libc_nano.a(lib_a-memset.o)
                              c:/st/stm32cubeide_1.9.0/stm32cubeide/plugins/com.st.stm32cube.ide.mcu.externaltools.gnu-tools-for-stm32.10.3-2021.10.win32_1.0.0.202111181127/tools/bin/../lib/gcc/arm-none-eabi/10.3.1/../../../../arm-none-eabi/lib/thumb/v7e-m+fp/hard/crt0.o (memset)
c:/st/stm32cubeide_1.9.0/stm32cubeide/plugins/com.st.stm32cube.ide.mcu.externaltools.gnu-tools-for-stm32.10.3-2021.10.win32_1.0.0.202111181127/tools/bin/../lib/gcc/arm-none-eabi/10.3.1/thumb/v7e-m+fp/hard\libgcc.a(_aeabi_uldivmod.o)
                              ./Drivers/STM32F4xx_HAL_Driver/Src/stm32f4xx_hal_rcc.o (__aeabi_uldivmod)
c:/st/stm32cubeide_1.9.0/stm32cubeide/plugins/com.st.stm32cube.ide.mcu.externaltools.gnu-tools-for-stm32.10.3-2021.10.win32_1.0.0.202111181127/tools/bin/../lib/gcc/arm-none-eabi/10.3.1/thumb/v7e-m+fp/hard\libgcc.a(_udivmoddi4.o)
                              c:/st/stm32cubeide_1.9.0/stm32cubeide/plugins/com.st.stm32cube.ide.mcu.externaltools.gnu-tools-for-stm32.10.3-2021.10.win32_1.0.0.202111181127/tools/bin/../lib/gcc/arm-none-eabi/10.3.1/thumb/v7e-m+fp/hard\libgcc.a(_aeabi_uldivmod.o) (__udivmoddi4)
c:/st/stm32cubeide_1.9.0/stm32cubeide/plugins/com.st.stm32cube.ide.mcu.externaltools.gnu-tools-for-stm32.10.3-2021.10.win32_1.0.0.202111181127/tools/bin/../lib/gcc/arm-none-eabi/10.3.1/thumb/v7e-m+fp/hard\libgcc.a(_dvmd_tls.o)
                              c:/st/stm32cubeide_1.9.0/stm32cubeide/plugins/com.st.stm32cube.ide.mcu.externaltools.gnu-tools-for-stm32.10.3-2021.10.win32_1.0.0.202111181127/tools/bin/../lib/gcc/arm-none-eabi/10.3.1/thumb/v7e-m+fp/hard\libgcc.a(_aeabi_uldivmod.o) (__aeabi_ldiv0)

Discarded input sections

 .text          0x0000000000000000        0x0 c:/st/stm32cubeide_1.9.0/stm32cubeide/plugins/com.st.stm32cube.ide.mcu.externaltools.gnu-tools-for-stm32.10.3-2021.10.win32_1.0.0.202111181127/tools/bin/../lib/gcc/arm-none-eabi/10.3.1/thumb/v7e-m+fp/hard/crti.o
 .data          0x0000000000000000        0x0 c:/st/stm32cubeide_1.9.0/stm32cubeide/plugins/com.st.stm32cube.ide.mcu.externaltools.gnu-tools-for-stm32.10.3-2021.10.win32_1.0.0.202111181127/tools/bin/../lib/gcc/arm-none-eabi/10.3.1/thumb/v7e-m+fp/hard/crti.o
 .bss           0x0000000000000000        0x0 c:/st/stm32cubeide_1.9.0/stm32cubeide/plugins/com.st.stm32cube.ide.mcu.externaltools.gnu-tools-for-stm32.10.3-2021.10.win32_1.0.0.202111181127/tools/bin/../lib/gcc/arm-none-eabi/10.3.1/thumb/v7e-m+fp/hard/crti.o
[...]
Memory Configuration

Name             Origin             Length             Attributes
RAM              0x0000000020000000 0x0000000000050000 xrw
FLASH            0x0000000008000000 0x0000000000100000 xr
*default*        0x0000000000000000 0xffffffffffffffff

Linker script and memory map

LOAD c:/st/stm32cubeide_1.9.0/stm32cubeide/plugins/com.st.stm32cube.ide.mcu.externaltools.gnu-tools-for-stm32.10.3-2021.10.win32_1.0.0.202111181127/tools/bin/../lib/gcc/arm-none-eabi/10.3.1/thumb/v7e-m+fp/hard/crti.o
LOAD c:/st/stm32cubeide_1.9.0/stm32cubeide/plugins/com.st.stm32cube.ide.mcu.externaltools.gnu-tools-for-stm32.10.3-2021.10.win32_1.0.0.202111181127/tools/bin/../lib/gcc/arm-none-eabi/10.3.1/thumb/v7e-m+fp/hard/crtbegin.o
LOAD c:/st/stm32cubeide_1.9.0/stm32cubeide/plugins/com.st.stm32cube.ide.mcu.externaltools.gnu-tools-for-stm32.10.3-2021.10.win32_1.0.0.202111181127/tools/bin/../lib/gcc/arm-none-eabi/10.3.1/../../../../arm-none-eabi/lib/thumb/v7e-m+fp/hard/crt0.o
LOAD ./Core/Src/main.o
LOAD ./Core/Src/stm32f4xx_hal_msp.o
LOAD ./Core/Src/stm32f4xx_it.o
LOAD ./Core/Src/syscalls.o
LOAD ./Core/Src/sysmem.o
LOAD ./Core/Src/system_stm32f4xx.o
LOAD ./Core/Startup/startup_stm32f413rgtx.o
LOAD ./Drivers/STM32F4xx_HAL_Driver/Src/stm32f4xx_hal.o
LOAD ./Drivers/STM32F4xx_HAL_Driver/Src/stm32f4xx_hal_can.o
LOAD ./Drivers/STM32F4xx_HAL_Driver/Src/stm32f4xx_hal_cortex.o
LOAD ./Drivers/STM32F4xx_HAL_Driver/Src/stm32f4xx_hal_dma.o
LOAD ./Drivers/STM32F4xx_HAL_Driver/Src/stm32f4xx_hal_dma_ex.o
LOAD ./Drivers/STM32F4xx_HAL_Driver/Src/stm32f4xx_hal_exti.o
LOAD ./Drivers/STM32F4xx_HAL_Driver/Src/stm32f4xx_hal_flash.o
LOAD ./Drivers/STM32F4xx_HAL_Driver/Src/stm32f4xx_hal_flash_ex.o
LOAD ./Drivers/STM32F4xx_HAL_Driver/Src/stm32f4xx_hal_flash_ramfunc.o
LOAD ./Drivers/STM32F4xx_HAL_Driver/Src/stm32f4xx_hal_gpio.o
LOAD ./Drivers/STM32F4xx_HAL_Driver/Src/stm32f4xx_hal_pwr.o
LOAD ./Drivers/STM32F4xx_HAL_Driver/Src/stm32f4xx_hal_pwr_ex.o
LOAD ./Drivers/STM32F4xx_HAL_Driver/Src/stm32f4xx_hal_rcc.o
LOAD ./Drivers/STM32F4xx_HAL_Driver/Src/stm32f4xx_hal_rcc_ex.o
LOAD ./Drivers/STM32F4xx_HAL_Driver/Src/stm32f4xx_hal_sd.o
LOAD ./Drivers/STM32F4xx_HAL_Driver/Src/stm32f4xx_hal_spi.o
LOAD ./Drivers/STM32F4xx_HAL_Driver/Src/stm32f4xx_hal_tim.o
LOAD ./Drivers/STM32F4xx_HAL_Driver/Src/stm32f4xx_hal_tim_ex.o
LOAD ./Drivers/STM32F4xx_HAL_Driver/Src/stm32f4xx_ll_sdmmc.o
LOAD ./FATFS/App/fatfs.o
LOAD ./FATFS/Target/bsp_driver_sd.o
LOAD ./FATFS/Target/sd_diskio.o
LOAD ./Middlewares/Third_Party/FatFs/src/diskio.o
LOAD ./Middlewares/Third_Party/FatFs/src/ff.o
LOAD ./Middlewares/Third_Party/FatFs/src/ff_gen_drv.o
LOAD ./Middlewares/Third_Party/FatFs/src/option/syscall.o
START GROUP
LOAD c:/st/stm32cubeide_1.9.0/stm32cubeide/plugins/com.st.stm32cube.ide.mcu.externaltools.gnu-tools-for-stm32.10.3-2021.10.win32_1.0.0.202111181127/tools/bin/../lib/gcc/arm-none-eabi/10.3.1/../../../../arm-none-eabi/lib/thumb/v7e-m+fp/hard\libstdc++_nano.a
LOAD c:/st/stm32cubeide_1.9.0/stm32cubeide/plugins/com.st.stm32cube.ide.mcu.externaltools.gnu-tools-for-stm32.10.3-2021.10.win32_1.0.0.202111181127/tools/bin/../lib/gcc/arm-none-eabi/10.3.1/../../../../arm-none-eabi/lib/thumb/v7e-m+fp/hard\libsupc++_nano.a
END GROUP
LOAD c:/st/stm32cubeide_1.9.0/stm32cubeide/plugins/com.st.stm32cube.ide.mcu.externaltools.gnu-tools-for-stm32.10.3-2021.10.win32_1.0.0.202111181127/tools/bin/../lib/gcc/arm-none-eabi/10.3.1/../../../../arm-none-eabi/lib/thumb/v7e-m+fp/hard\libstdc++_nano.a
LOAD c:/st/stm32cubeide_1.9.0/stm32cubeide/plugins/com.st.stm32cube.ide.mcu.externaltools.gnu-tools-for-stm32.10.3-2021.10.win32_1.0.0.202111181127/tools/bin/../lib/gcc/arm-none-eabi/10.3.1/../../../../arm-none-eabi/lib/thumb/v7e-m+fp/hard\libm.a
LOAD c:/st/stm32cubeide_1.9.0/stm32cubeide/plugins/com.st.stm32cube.ide.mcu.externaltools.gnu-tools-for-stm32.10.3-2021.10.win32_1.0.0.202111181127/tools/bin/../lib/gcc/arm-none-eabi/10.3.1/../../../../arm-none-eabi/lib/thumb/v7e-m+fp/hard\libc_nano.a
START GROUP
LOAD c:/st/stm32cubeide_1.9.0/stm32cubeide/plugins/com.st.stm32cube.ide.mcu.externaltools.gnu-tools-for-stm32.10.3-2021.10.win32_1.0.0.202111181127/tools/bin/../lib/gcc/arm-none-eabi/10.3.1/thumb/v7e-m+fp/hard\libgcc.a
LOAD c:/st/stm32cubeide_1.9.0/stm32cubeide/plugins/com.st.stm32cube.ide.mcu.externaltools.gnu-tools-for-stm32.10.3-2021.10.win32_1.0.0.202111181127/tools/bin/../lib/gcc/arm-none-eabi/10.3.1/../../../../arm-none-eabi/lib/thumb/v7e-m+fp/hard\libc_nano.a
END GROUP
START GROUP
LOAD c:/st/stm32cubeide_1.9.0/stm32cubeide/plugins/com.st.stm32cube.ide.mcu.externaltools.gnu-tools-for-stm32.10.3-2021.10.win32_1.0.0.202111181127/tools/bin/../lib/gcc/arm-none-eabi/10.3.1/thumb/v7e-m+fp/hard\libgcc.a
LOAD c:/st/stm32cubeide_1.9.0/stm32cubeide/plugins/com.st.stm32cube.ide.mcu.externaltools.gnu-tools-for-stm32.10.3-2021.10.win32_1.0.0.202111181127/tools/bin/../lib/gcc/arm-none-eabi/10.3.1/../../../../arm-none-eabi/lib/thumb/v7e-m+fp/hard\libc_nano.a
LOAD c:/st/stm32cubeide_1.9.0/stm32cubeide/plugins/com.st.stm32cube.ide.mcu.externaltools.gnu-tools-for-stm32.10.3-2021.10.win32_1.0.0.202111181127/tools/bin/../lib/gcc/arm-none-eabi/10.3.1/../../../../arm-none-eabi/lib/thumb/v7e-m+fp/hard\libnosys.a
END GROUP
START GROUP
LOAD c:/st/stm32cubeide_1.9.0/stm32cubeide/plugins/com.st.stm32cube.ide.mcu.externaltools.gnu-tools-for-stm32.10.3-2021.10.win32_1.0.0.202111181127/tools/bin/../lib/gcc/arm-none-eabi/10.3.1/thumb/v7e-m+fp/hard\libgcc.a
LOAD c:/st/stm32cubeide_1.9.0/stm32cubeide/plugins/com.st.stm32cube.ide.mcu.externaltools.gnu-tools-for-stm32.10.3-2021.10.win32_1.0.0.202111181127/tools/bin/../lib/gcc/arm-none-eabi/10.3.1/../../../../arm-none-eabi/lib/thumb/v7e-m+fp/hard\libc_nano.a
LOAD c:/st/stm32cubeide_1.9.0/stm32cubeide/plugins/com.st.stm32cube.ide.mcu.externaltools.gnu-tools-for-stm32.10.3-2021.10.win32_1.0.0.202111181127/tools/bin/../lib/gcc/arm-none-eabi/10.3.1/../../../../arm-none-eabi/lib/thumb/v7e-m+fp/hard\libnosys.a
END GROUP
LOAD c:/st/stm32cubeide_1.9.0/stm32cubeide/plugins/com.st.stm32cube.ide.mcu.externaltools.gnu-tools-for-stm32.10.3-2021.10.win32_1.0.0.202111181127/tools/bin/../lib/gcc/arm-none-eabi/10.3.1/thumb/v7e-m+fp/hard/crtend.o
LOAD c:/st/stm32cubeide_1.9.0/stm32cubeide/plugins/com.st.stm32cube.ide.mcu.externaltools.gnu-tools-for-stm32.10.3-2021.10.win32_1.0.0.202111181127/tools/bin/../lib/gcc/arm-none-eabi/10.3.1/thumb/v7e-m+fp/hard/crtn.o
                0x0000000020050000                _estack = (ORIGIN (RAM) + LENGTH (RAM))
                0x0000000000000200                _Min_Heap_Size = 0x200
                0x0000000000000400                _Min_Stack_Size = 0x400

.isr_vector     0x0000000008000000      0x1d8
                0x0000000008000000                . = ALIGN (0x4)
 *(.isr_vector)
 .isr_vector    0x0000000008000000      0x1d8 ./Core/Startup/startup_stm32f413rgtx.o
                0x0000000008000000                g_pfnVectors
                0x00000000080001d8                . = ALIGN (0x4)

.text           0x00000000080001d8     0x449c
                0x00000000080001d8                . = ALIGN (0x4)
 *(.text)
 .text          0x00000000080001d8       0x40 c:/st/stm32cubeide_1.9.0/stm32cubeide/plugins/com.st.stm32cube.ide.mcu.externaltools.gnu-tools-for-stm32.10.3-2021.10.win32_1.0.0.202111181127/tools/bin/../lib/gcc/arm-none-eabi/10.3.1/thumb/v7e-m+fp/hard/crtbegin.o
 .text          0x0000000008000218       0x30 c:/st/stm32cubeide_1.9.0/stm32cubeide/plugins/com.st.stm32cube.ide.mcu.externaltools.gnu-tools-for-stm32.10.3-2021.10.win32_1.0.0.202111181127/tools/bin/../lib/gcc/arm-none-eabi/10.3.1/thumb/v7e-m+fp/hard\libgcc.a(_aeabi_uldivmod.o)
                0x0000000008000218                __aeabi_uldivmod
 .text          0x0000000008000248      0x2d0 c:/st/stm32cubeide_1.9.0/stm32cubeide/plugins/com.st.stm32cube.ide.mcu.externaltools.gnu-tools-for-stm32.10.3-2021.10.win32_1.0.0.202111181127/tools/bin/../lib/gcc/arm-none-eabi/10.3.1/thumb/v7e-m+fp/hard\libgcc.a(_udivmoddi4.o)
                0x0000000008000248                __udivmoddi4
 .text          0x0000000008000518        0x4 c:/st/stm32cubeide_1.9.0/stm32cubeide/plugins/com.st.stm32cube.ide.mcu.externaltools.gnu-tools-for-stm32.10.3-2021.10.win32_1.0.0.202111181127/tools/bin/../lib/gcc/arm-none-eabi/10.3.1/thumb/v7e-m+fp/hard\libgcc.a(_dvmd_tls.o)
                0x0000000008000518                __aeabi_idiv0
                0x0000000008000518                __aeabi_ldiv0
 *(.text*)
 .text.main     0x000000000800051c       0x2a ./Core/Src/main.o
                0x000000000800051c                main
 *fill*         0x0000000008000546        0x2 
 .text.SystemClock_Config
                0x0000000008000548       0xd4 ./Core/Src/main.o
                0x0000000008000548                SystemClock_Config
 .text.MX_CAN1_Init
                0x000000000800061c       0x68 ./Core/Src/main.o
 .text.MX_CAN2_Init
                0x0000000008000684       0x68 ./Core/Src/main.o
 .text.MX_CAN3_Init
                0x00000000080006ec       0x68 ./Core/Src/main.o
 .text.MX_SDIO_SD_Init
                0x0000000008000754       0x40 ./Core/Src/main.o
 .text.MX_SPI1_Init
                0x0000000008000794       0x6c ./Core/Src/main.o
 .text.MX_GPIO_Init
                0x0000000008000800       0xbc ./Core/Src/main.o
 .text.Error_Handler
                0x00000000080008bc        0xa ./Core/Src/main.o
                0x00000000080008bc                Error_Handler
 *fill*         0x00000000080008c6        0x2 
 .text.HAL_MspInit
                0x00000000080008c8       0x50 ./Core/Src/stm32f4xx_hal_msp.o
                0x00000000080008c8                HAL_MspInit
 .text.HAL_CAN_MspInit
                0x0000000008000918      0x168 ./Core/Src/stm32f4xx_hal_msp.o
                0x0000000008000918                HAL_CAN_MspInit
 .text.HAL_SD_MspInit
                0x0000000008000a80      0x194 ./Core/Src/stm32f4xx_hal_msp.o
                0x0000000008000a80                HAL_SD_MspInit
 .text.HAL_SPI_MspInit
                0x0000000008000c14       0x90 ./Core/Src/stm32f4xx_hal_msp.o
                0x0000000008000c14                HAL_SPI_MspInit
 .text.NMI_Handler
                0x0000000008000ca4        0x6 ./Core/Src/stm32f4xx_it.o
                0x0000000008000ca4                NMI_Handler
 .text.HardFault_Handler
                0x0000000008000caa        0x6 ./Core/Src/stm32f4xx_it.o
                0x0000000008000caa                HardFault_Handler
 .text.MemManage_Handler
                0x0000000008000cb0        0x6 ./Core/Src/stm32f4xx_it.o
                0x0000000008000cb0                MemManage_Handler
 .text.BusFault_Handler
                0x0000000008000cb6        0x6 ./Core/Src/stm32f4xx_it.o
                0x0000000008000cb6                BusFault_Handler
 .text.UsageFault_Handler
                0x0000000008000cbc        0x6 ./Core/Src/stm32f4xx_it.o
                0x0000000008000cbc                UsageFault_Handler
 .text.SVC_Handler
                0x0000000008000cc2        0xe ./Core/Src/stm32f4xx_it.o
                0x0000000008000cc2                SVC_Handler
 .text.DebugMon_Handler
                0x0000000008000cd0        0xe ./Core/Src/stm32f4xx_it.o
                0x0000000008000cd0                DebugMon_Handler
 .text.PendSV_Handler
                0x0000000008000cde        0xe ./Core/Src/stm32f4xx_it.o
                0x0000000008000cde                PendSV_Handler
 .text.SysTick_Handler
                0x0000000008000cec        0xc ./Core/Src/stm32f4xx_it.o
                0x0000000008000cec                SysTick_Handler
 .text.SystemInit
                0x0000000008000cf8       0x24 ./Core/Src/system_stm32f4xx.o
                0x0000000008000cf8                SystemInit
 .text.Reset_Handler
                0x0000000008000d1c       0x50 ./Core/Startup/startup_stm32f413rgtx.o
                0x0000000008000d1c                Reset_Handler
 .text.Default_Handler
                0x0000000008000d6c        0x2 ./Core/Startup/startup_stm32f413rgtx.o
                0x0000000008000d6c                RTC_Alarm_IRQHandler
                0x0000000008000d6c                EXTI2_IRQHandler
                0x0000000008000d6c                TIM8_CC_IRQHandler
                0x0000000008000d6c                UART8_IRQHandler
                0x0000000008000d6c                FMPI2C1_EV_IRQHandler
                0x0000000008000d6c                SPI4_IRQHandler
                0x0000000008000d6c                TIM1_CC_IRQHandler
                0x0000000008000d6c                DMA2_Stream5_IRQHandler
                0x0000000008000d6c                DMA1_Stream5_IRQHandler
                0x0000000008000d6c                CAN3_RX1_IRQHandler
                0x0000000008000d6c                PVD_IRQHandler
                0x0000000008000d6c                SDIO_IRQHandler
                0x0000000008000d6c                TAMP_STAMP_IRQHandler
                0x0000000008000d6c                CAN2_RX1_IRQHandler
                0x0000000008000d6c                EXTI3_IRQHandler
                0x0000000008000d6c                TIM8_TRG_COM_TIM14_IRQHandler
                0x0000000008000d6c                DFSDM1_FLT1_IRQHandler
                0x0000000008000d6c                TIM1_UP_TIM10_IRQHandler
                0x0000000008000d6c                TIM8_UP_TIM13_IRQHandler
                0x0000000008000d6c                I2C3_ER_IRQHandler
                0x0000000008000d6c                EXTI0_IRQHandler
                0x0000000008000d6c                I2C2_EV_IRQHandler
                0x0000000008000d6c                DMA1_Stream2_IRQHandler
                0x0000000008000d6c                CAN1_RX0_IRQHandler
                0x0000000008000d6c                FPU_IRQHandler
                0x0000000008000d6c                CAN3_SCE_IRQHandler
                0x0000000008000d6c                CAN2_SCE_IRQHandler
                0x0000000008000d6c                DMA2_Stream2_IRQHandler
                0x0000000008000d6c                SPI1_IRQHandler
                0x0000000008000d6c                TIM6_DAC_IRQHandler
                0x0000000008000d6c                TIM1_BRK_TIM9_IRQHandler
                0x0000000008000d6c                CAN2_RX0_IRQHandler
                0x0000000008000d6c                DMA2_Stream3_IRQHandler
                0x0000000008000d6c                USART6_IRQHandler
                0x0000000008000d6c                CAN3_RX0_IRQHandler
                0x0000000008000d6c                USART3_IRQHandler
                0x0000000008000d6c                DFSDM2_FLT3_IRQHandler
                0x0000000008000d6c                CAN1_RX1_IRQHandler
                0x0000000008000d6c                UART5_IRQHandler
                0x0000000008000d6c                DMA2_Stream0_IRQHandler
                0x0000000008000d6c                TIM4_IRQHandler
                0x0000000008000d6c                QUADSPI_IRQHandler
                0x0000000008000d6c                I2C1_EV_IRQHandler
                0x0000000008000d6c                DMA1_Stream6_IRQHandler
                0x0000000008000d6c                DMA1_Stream1_IRQHandler
                0x0000000008000d6c                UART4_IRQHandler
                0x0000000008000d6c                TIM3_IRQHandler
                0x0000000008000d6c                RCC_IRQHandler
                0x0000000008000d6c                UART9_IRQHandler
                0x0000000008000d6c                TIM8_BRK_TIM12_IRQHandler
                0x0000000008000d6c                Default_Handler
                0x0000000008000d6c                EXTI15_10_IRQHandler
                0x0000000008000d6c                ADC_IRQHandler
                0x0000000008000d6c                DMA1_Stream7_IRQHandler
                0x0000000008000d6c                DFSDM2_FLT0_IRQHandler
                0x0000000008000d6c                SPI5_IRQHandler
                0x0000000008000d6c                TIM7_IRQHandler
                0x0000000008000d6c                CAN2_TX_IRQHandler
                0x0000000008000d6c                TIM5_IRQHandler
                0x0000000008000d6c                DMA2_Stream7_IRQHandler
                0x0000000008000d6c                I2C3_EV_IRQHandler
                0x0000000008000d6c                DFSDM2_FLT2_IRQHandler
                0x0000000008000d6c                EXTI9_5_IRQHandler
                0x0000000008000d6c                RTC_WKUP_IRQHandler
                0x0000000008000d6c                SPI2_IRQHandler
                0x0000000008000d6c                DMA1_Stream0_IRQHandler
                0x0000000008000d6c                CAN1_TX_IRQHandler
                0x0000000008000d6c                FMPI2C1_ER_IRQHandler
                0x0000000008000d6c                EXTI4_IRQHandler
                0x0000000008000d6c                DFSDM2_FLT1_IRQHandler
                0x0000000008000d6c                RNG_IRQHandler
                0x0000000008000d6c                FSMC_IRQHandler
                0x0000000008000d6c                WWDG_IRQHandler
                0x0000000008000d6c                CAN3_TX_IRQHandler
                0x0000000008000d6c                TIM2_IRQHandler
                0x0000000008000d6c                OTG_FS_WKUP_IRQHandler
                0x0000000008000d6c                TIM1_TRG_COM_TIM11_IRQHandler
                0x0000000008000d6c                EXTI1_IRQHandler
                0x0000000008000d6c                UART7_IRQHandler
                0x0000000008000d6c                USART2_IRQHandler
                0x0000000008000d6c                DFSDM1_FLT0_IRQHandler
                0x0000000008000d6c                I2C2_ER_IRQHandler
                0x0000000008000d6c                DMA2_Stream1_IRQHandler
                0x0000000008000d6c                CAN1_SCE_IRQHandler
                0x0000000008000d6c                FLASH_IRQHandler
                0x0000000008000d6c                DMA2_Stream4_IRQHandler
                0x0000000008000d6c                USART1_IRQHandler
                0x0000000008000d6c                OTG_FS_IRQHandler
                0x0000000008000d6c                SPI3_IRQHandler
                0x0000000008000d6c                DMA1_Stream4_IRQHandler
                0x0000000008000d6c                I2C1_ER_IRQHandler
                0x0000000008000d6c                LPTIM1_IRQHandler
                0x0000000008000d6c                DMA2_Stream6_IRQHandler
                0x0000000008000d6c                UART10_IRQHandler
                0x0000000008000d6c                SAI1_IRQHandler
                0x0000000008000d6c                DMA1_Stream3_IRQHandler
 *fill*         0x0000000008000d6e        0x2 
 .text.HAL_Init
                0x0000000008000d70       0x44 ./Drivers/STM32F4xx_HAL_Driver/Src/stm32f4xx_hal.o
                0x0000000008000d70                HAL_Init
 .text.HAL_InitTick
                0x0000000008000db4       0x60 ./Drivers/STM32F4xx_HAL_Driver/Src/stm32f4xx_hal.o
                0x0000000008000db4                HAL_InitTick
 .text.HAL_IncTick
                0x0000000008000e14       0x28 ./Drivers/STM32F4xx_HAL_Driver/Src/stm32f4xx_hal.o
                0x0000000008000e14                HAL_IncTick
 .text.HAL_GetTick
                0x0000000008000e3c       0x18 ./Drivers/STM32F4xx_HAL_Driver/Src/stm32f4xx_hal.o
                0x0000000008000e3c                HAL_GetTick
 .text.HAL_Delay
                0x0000000008000e54       0x48 ./Drivers/STM32F4xx_HAL_Driver/Src/stm32f4xx_hal.o
                0x0000000008000e54                HAL_Delay
 .text.HAL_CAN_Init
                0x0000000008000e9c      0x1f6 ./Drivers/STM32F4xx_HAL_Driver/Src/stm32f4xx_hal_can.o
                0x0000000008000e9c                HAL_CAN_Init
 *fill*         0x0000000008001092        0x2 
 .text.__NVIC_SetPriorityGrouping
                0x0000000008001094       0x48 ./Drivers/STM32F4xx_HAL_Driver/Src/stm32f4xx_hal_cortex.o
 .text.__NVIC_GetPriorityGrouping
                0x00000000080010dc       0x1c ./Drivers/STM32F4xx_HAL_Driver/Src/stm32f4xx_hal_cortex.o
 .text.__NVIC_SetPriority
                0x00000000080010f8       0x54 ./Drivers/STM32F4xx_HAL_Driver/Src/stm32f4xx_hal_cortex.o
 .text.NVIC_EncodePriority
                0x000000000800114c       0x66 ./Drivers/STM32F4xx_HAL_Driver/Src/stm32f4xx_hal_cortex.o
 *fill*         0x00000000080011b2        0x2 
 .text.SysTick_Config
                0x00000000080011b4       0x44 ./Drivers/STM32F4xx_HAL_Driver/Src/stm32f4xx_hal_cortex.o
 .text.HAL_NVIC_SetPriorityGrouping
                0x00000000080011f8       0x16 ./Drivers/STM32F4xx_HAL_Driver/Src/stm32f4xx_hal_cortex.o
                0x00000000080011f8                HAL_NVIC_SetPriorityGrouping
 .text.HAL_NVIC_SetPriority
                0x000000000800120e       0x38 ./Drivers/STM32F4xx_HAL_Driver/Src/stm32f4xx_hal_cortex.o
                0x000000000800120e                HAL_NVIC_SetPriority
 .text.HAL_SYSTICK_Config
                0x0000000008001246       0x18 ./Drivers/STM32F4xx_HAL_Driver/Src/stm32f4xx_hal_cortex.o
                0x0000000008001246                HAL_SYSTICK_Config
 *fill*         0x000000000800125e        0x2 
 .text.HAL_GPIO_Init
                0x0000000008001260      0x328 ./Drivers/STM32F4xx_HAL_Driver/Src/stm32f4xx_hal_gpio.o
                0x0000000008001260                HAL_GPIO_Init
 .text.HAL_GPIO_WritePin
                0x0000000008001588       0x32 ./Drivers/STM32F4xx_HAL_Driver/Src/stm32f4xx_hal_gpio.o
                0x0000000008001588                HAL_GPIO_WritePin
 *fill*         0x00000000080015ba        0x2 
 .text.HAL_RCC_ClockConfig
                0x00000000080015bc      0x1cc ./Drivers/STM32F4xx_HAL_Driver/Src/stm32f4xx_hal_rcc.o
                0x00000000080015bc                HAL_RCC_ClockConfig
 .text.HAL_RCC_GetSysClockFreq
                0x0000000008001788      0x18c ./Drivers/STM32F4xx_HAL_Driver/Src/stm32f4xx_hal_rcc.o
                0x0000000008001788                HAL_RCC_GetSysClockFreq
 .text.HAL_RCCEx_PeriphCLKConfig
                0x0000000008001914      0x518 ./Drivers/STM32F4xx_HAL_Driver/Src/stm32f4xx_hal_rcc_ex.o
                0x0000000008001914                HAL_RCCEx_PeriphCLKConfig
 .text.HAL_RCC_OscConfig
                0x0000000008001e2c      0x508 ./Drivers/STM32F4xx_HAL_Driver/Src/stm32f4xx_hal_rcc_ex.o
                0x0000000008001e2c                HAL_RCC_OscConfig
 .text.HAL_SD_Init
                0x0000000008002334       0x60 ./Drivers/STM32F4xx_HAL_Driver/Src/stm32f4xx_hal_sd.o
                0x0000000008002334                HAL_SD_Init
 .text.HAL_SD_InitCard
                0x0000000008002394      0x100 ./Drivers/STM32F4xx_HAL_Driver/Src/stm32f4xx_hal_sd.o
                0x0000000008002394                HAL_SD_InitCard
 .text.HAL_SD_ReadBlocks
                0x0000000008002494      0x3bc ./Drivers/STM32F4xx_HAL_Driver/Src/stm32f4xx_hal_sd.o
                0x0000000008002494                HAL_SD_ReadBlocks
 .text.HAL_SD_WriteBlocks
                0x0000000008002850      0x30c ./Drivers/STM32F4xx_HAL_Driver/Src/stm32f4xx_hal_sd.o
                0x0000000008002850                HAL_SD_WriteBlocks
 .text.HAL_SD_GetCardCSD
                0x0000000008002b5c      0x348 ./Drivers/STM32F4xx_HAL_Driver/Src/stm32f4xx_hal_sd.o
                0x0000000008002b5c                HAL_SD_GetCardCSD
 .text.HAL_SD_GetCardInfo
                0x0000000008002ea4       0x58 ./Drivers/STM32F4xx_HAL_Driver/Src/stm32f4xx_hal_sd.o
                0x0000000008002ea4                HAL_SD_GetCardInfo
 .text.HAL_SD_ConfigWideBusOperation
                0x0000000008002efc      0x134 ./Drivers/STM32F4xx_HAL_Driver/Src/stm32f4xx_hal_sd.o
                0x0000000008002efc                HAL_SD_ConfigWideBusOperation
 .text.HAL_SD_GetCardState
                0x0000000008003030       0x40 ./Drivers/STM32F4xx_HAL_Driver/Src/stm32f4xx_hal_sd.o
                0x0000000008003030                HAL_SD_GetCardState
 .text.SD_InitCard
                0x0000000008003070      0x19c ./Drivers/STM32F4xx_HAL_Driver/Src/stm32f4xx_hal_sd.o
 .text.SD_PowerON
                0x000000000800320c      0x11c ./Drivers/STM32F4xx_HAL_Driver/Src/stm32f4xx_hal_sd.o
 .text.SD_SendStatus
                0x0000000008003328       0x50 ./Drivers/STM32F4xx_HAL_Driver/Src/stm32f4xx_hal_sd.o
 .text.SD_WideBus_Enable
                0x0000000008003378       0x96 ./Drivers/STM32F4xx_HAL_Driver/Src/stm32f4xx_hal_sd.o
 .text.SD_WideBus_Disable
                0x000000000800340e       0x96 ./Drivers/STM32F4xx_HAL_Driver/Src/stm32f4xx_hal_sd.o
 .text.SD_FindSCR
                0x00000000080034a4      0x1a6 ./Drivers/STM32F4xx_HAL_Driver/Src/stm32f4xx_hal_sd.o
 .text.HAL_SPI_Init
                0x000000000800364a      0x112 ./Drivers/STM32F4xx_HAL_Driver/Src/stm32f4xx_hal_spi.o
                0x000000000800364a                HAL_SPI_Init
 .text.SDIO_Init
                0x000000000800375c       0x56 ./Drivers/STM32F4xx_HAL_Driver/Src/stm32f4xx_ll_sdmmc.o
                0x000000000800375c                SDIO_Init
 .text.SDIO_ReadFIFO
                0x00000000080037b2       0x1a ./Drivers/STM32F4xx_HAL_Driver/Src/stm32f4xx_ll_sdmmc.o
                0x00000000080037b2                SDIO_ReadFIFO
 .text.SDIO_WriteFIFO
                0x00000000080037cc       0x22 ./Drivers/STM32F4xx_HAL_Driver/Src/stm32f4xx_ll_sdmmc.o
                0x00000000080037cc                SDIO_WriteFIFO
 .text.SDIO_PowerState_ON
                0x00000000080037ee       0x1c ./Drivers/STM32F4xx_HAL_Driver/Src/stm32f4xx_ll_sdmmc.o
                0x00000000080037ee                SDIO_PowerState_ON
 .text.SDIO_GetPowerState
                0x000000000800380a       0x1c ./Drivers/STM32F4xx_HAL_Driver/Src/stm32f4xx_ll_sdmmc.o
                0x000000000800380a                SDIO_GetPowerState
 .text.SDIO_SendCommand
                0x0000000008003826       0x54 ./Drivers/STM32F4xx_HAL_Driver/Src/stm32f4xx_ll_sdmmc.o
                0x0000000008003826                SDIO_SendCommand
 .text.SDIO_GetCommandResponse
                0x000000000800387a       0x1a ./Drivers/STM32F4xx_HAL_Driver/Src/stm32f4xx_ll_sdmmc.o
                0x000000000800387a                SDIO_GetCommandResponse
 .text.SDIO_GetResponse
                0x0000000008003894       0x26 ./Drivers/STM32F4xx_HAL_Driver/Src/stm32f4xx_ll_sdmmc.o
                0x0000000008003894                SDIO_GetResponse
 .text.SDIO_ConfigData
                0x00000000080038ba       0x58 ./Drivers/STM32F4xx_HAL_Driver/Src/stm32f4xx_ll_sdmmc.o
                0x00000000080038ba                SDIO_ConfigData
 .text.SDMMC_CmdBlockLength
                0x0000000008003912       0x44 ./Drivers/STM32F4xx_HAL_Driver/Src/stm32f4xx_ll_sdmmc.o
                0x0000000008003912                SDMMC_CmdBlockLength
 .text.SDMMC_CmdReadSingleBlock
                0x0000000008003956       0x44 ./Drivers/STM32F4xx_HAL_Driver/Src/stm32f4xx_ll_sdmmc.o
                0x0000000008003956                SDMMC_CmdReadSingleBlock
 .text.SDMMC_CmdReadMultiBlock
                0x000000000800399a       0x44 ./Drivers/STM32F4xx_HAL_Driver/Src/stm32f4xx_ll_sdmmc.o
                0x000000000800399a                SDMMC_CmdReadMultiBlock
 .text.SDMMC_CmdWriteSingleBlock
                0x00000000080039de       0x44 ./Drivers/STM32F4xx_HAL_Driver/Src/stm32f4xx_ll_sdmmc.o
                0x00000000080039de                SDMMC_CmdWriteSingleBlock
 .text.SDMMC_CmdWriteMultiBlock
                0x0000000008003a22       0x44 ./Drivers/STM32F4xx_HAL_Driver/Src/stm32f4xx_ll_sdmmc.o
                0x0000000008003a22                SDMMC_CmdWriteMultiBlock
 *fill*         0x0000000008003a66        0x2 
 .text.SDMMC_CmdStopTransfer
                0x0000000008003a68       0x44 ./Drivers/STM32F4xx_HAL_Driver/Src/stm32f4xx_ll_sdmmc.o
                0x0000000008003a68                SDMMC_CmdStopTransfer
 .text.SDMMC_CmdSelDesel
                0x0000000008003aac       0x46 ./Drivers/STM32F4xx_HAL_Driver/Src/stm32f4xx_ll_sdmmc.o
                0x0000000008003aac                SDMMC_CmdSelDesel
 .text.SDMMC_CmdGoIdleState
                0x0000000008003af2       0x3c ./Drivers/STM32F4xx_HAL_Driver/Src/stm32f4xx_ll_sdmmc.o
                0x0000000008003af2                SDMMC_CmdGoIdleState
 .text.SDMMC_CmdOperCond
                0x0000000008003b2e       0x3e ./Drivers/STM32F4xx_HAL_Driver/Src/stm32f4xx_ll_sdmmc.o
                0x0000000008003b2e                SDMMC_CmdOperCond
 .text.SDMMC_CmdAppCommand
                0x0000000008003b6c       0x44 ./Drivers/STM32F4xx_HAL_Driver/Src/stm32f4xx_ll_sdmmc.o
                0x0000000008003b6c                SDMMC_CmdAppCommand
 .text.SDMMC_CmdAppOperCommand
                0x0000000008003bb0       0x46 ./Drivers/STM32F4xx_HAL_Driver/Src/stm32f4xx_ll_sdmmc.o
                0x0000000008003bb0                SDMMC_CmdAppOperCommand
 .text.SDMMC_CmdBusWidth
                0x0000000008003bf6       0x44 ./Drivers/STM32F4xx_HAL_Driver/Src/stm32f4xx_ll_sdmmc.o
                0x0000000008003bf6                SDMMC_CmdBusWidth
 .text.SDMMC_CmdSendSCR
                0x0000000008003c3a       0x42 ./Drivers/STM32F4xx_HAL_Driver/Src/stm32f4xx_ll_sdmmc.o
                0x0000000008003c3a                SDMMC_CmdSendSCR
 .text.SDMMC_CmdSendCID
                0x0000000008003c7c       0x3c ./Drivers/STM32F4xx_HAL_Driver/Src/stm32f4xx_ll_sdmmc.o
                0x0000000008003c7c                SDMMC_CmdSendCID
 .text.SDMMC_CmdSendCSD
                0x0000000008003cb8       0x3e ./Drivers/STM32F4xx_HAL_Driver/Src/stm32f4xx_ll_sdmmc.o
                0x0000000008003cb8                SDMMC_CmdSendCSD
 .text.SDMMC_CmdSetRelAdd
                0x0000000008003cf6       0x42 ./Drivers/STM32F4xx_HAL_Driver/Src/stm32f4xx_ll_sdmmc.o
                0x0000000008003cf6                SDMMC_CmdSetRelAdd
 .text.SDMMC_CmdSendStatus
                0x0000000008003d38       0x44 ./Drivers/STM32F4xx_HAL_Driver/Src/stm32f4xx_ll_sdmmc.o
                0x0000000008003d38                SDMMC_CmdSendStatus
 .text.SDMMC_GetCmdResp1
                0x0000000008003d7c      0x1dc ./Drivers/STM32F4xx_HAL_Driver/Src/stm32f4xx_ll_sdmmc.o
                0x0000000008003d7c                SDMMC_GetCmdResp1
 .text.SDMMC_GetCmdResp2
                0x0000000008003f58       0x90 ./Drivers/STM32F4xx_HAL_Driver/Src/stm32f4xx_ll_sdmmc.o
                0x0000000008003f58                SDMMC_GetCmdResp2
 .text.SDMMC_GetCmdResp3
                0x0000000008003fe8       0x7c ./Drivers/STM32F4xx_HAL_Driver/Src/stm32f4xx_ll_sdmmc.o
                0x0000000008003fe8                SDMMC_GetCmdResp3
 .text.SDMMC_GetCmdResp6
                0x0000000008004064       0xec ./Drivers/STM32F4xx_HAL_Driver/Src/stm32f4xx_ll_sdmmc.o
                0x0000000008004064                SDMMC_GetCmdResp6
 .text.SDMMC_GetCmdResp7
                0x0000000008004150       0x9c ./Drivers/STM32F4xx_HAL_Driver/Src/stm32f4xx_ll_sdmmc.o
                0x0000000008004150                SDMMC_GetCmdResp7
 .text.SDMMC_GetCmdError
                0x00000000080041ec       0x58 ./Drivers/STM32F4xx_HAL_Driver/Src/stm32f4xx_ll_sdmmc.o
 .text.MX_FATFS_Init
                0x0000000008004244       0x24 ./FATFS/App/fatfs.o
                0x0000000008004244                MX_FATFS_Init
 .text.BSP_SD_Init
                0x0000000008004268       0x4c ./FATFS/Target/bsp_driver_sd.o
                0x0000000008004268                BSP_SD_Init
 .text.BSP_SD_ReadBlocks
                0x00000000080042b4       0x3c ./FATFS/Target/bsp_driver_sd.o
                0x00000000080042b4                BSP_SD_ReadBlocks
 .text.BSP_SD_WriteBlocks
                0x00000000080042f0       0x3c ./FATFS/Target/bsp_driver_sd.o
                0x00000000080042f0                BSP_SD_WriteBlocks
 .text.BSP_SD_GetCardState
                0x000000000800432c       0x20 ./FATFS/Target/bsp_driver_sd.o
                0x000000000800432c                BSP_SD_GetCardState
 .text.BSP_SD_GetCardInfo
                0x000000000800434c       0x1c ./FATFS/Target/bsp_driver_sd.o
                0x000000000800434c                BSP_SD_GetCardInfo
 .text.BSP_SD_IsDetected
                0x0000000008004368       0x1a ./FATFS/Target/bsp_driver_sd.o
                0x0000000008004368                BSP_SD_IsDetected
 *fill*         0x0000000008004382        0x2 
 .text.SD_CheckStatus
                0x0000000008004384       0x3c ./FATFS/Target/sd_diskio.o
 .text.SD_initialize
                0x00000000080043c0       0x3c ./FATFS/Target/sd_diskio.o
                0x00000000080043c0                SD_initialize
 .text.SD_status
                0x00000000080043fc       0x1c ./FATFS/Target/sd_diskio.o
                0x00000000080043fc                SD_status
 .text.SD_read  0x0000000008004418       0x42 ./FATFS/Target/sd_diskio.o
                0x0000000008004418                SD_read
 .text.SD_write
                0x000000000800445a       0x42 ./FATFS/Target/sd_diskio.o
                0x000000000800445a                SD_write
 .text.SD_ioctl
                0x000000000800449c       0xb0 ./FATFS/Target/sd_diskio.o
                0x000000000800449c                SD_ioctl
 .text.FATFS_LinkDriverEx
                0x000000000800454c       0x98 ./Middlewares/Third_Party/FatFs/src/ff_gen_drv.o
                0x000000000800454c                FATFS_LinkDriverEx
 .text.FATFS_LinkDriver
                0x00000000080045e4       0x1e ./Middlewares/Third_Party/FatFs/src/ff_gen_drv.o
                0x00000000080045e4                FATFS_LinkDriver
 *fill*         0x0000000008004602        0x2 
 .text.__libc_init_array
                0x0000000008004604       0x48 c:/st/stm32cubeide_1.9.0/stm32cubeide/plugins/com.st.stm32cube.ide.mcu.externaltools.gnu-tools-for-stm32.10.3-2021.10.win32_1.0.0.202111181127/tools/bin/../lib/gcc/arm-none-eabi/10.3.1/../../../../arm-none-eabi/lib/thumb/v7e-m+fp/hard\libc_nano.a(lib_a-init.o)
                0x0000000008004604                __libc_init_array
 .text.memset   0x000000000800464c       0x10 c:/st/stm32cubeide_1.9.0/stm32cubeide/plugins/com.st.stm32cube.ide.mcu.externaltools.gnu-tools-for-stm32.10.3-2021.10.win32_1.0.0.202111181127/tools/bin/../lib/gcc/arm-none-eabi/10.3.1/../../../../arm-none-eabi/lib/thumb/v7e-m+fp/hard\libc_nano.a(lib_a-memset.o)
                0x000000000800464c                memset
 *(.glue_7)
 .glue_7        0x000000000800465c        0x0 linker stubs
 *(.glue_7t)
 .glue_7t       0x000000000800465c        0x0 linker stubs
 *(.eh_frame)
 .eh_frame      0x000000000800465c        0x0 c:/st/stm32cubeide_1.9.0/stm32cubeide/plugins/com.st.stm32cube.ide.mcu.externaltools.gnu-tools-for-stm32.10.3-2021.10.win32_1.0.0.202111181127/tools/bin/../lib/gcc/arm-none-eabi/10.3.1/thumb/v7e-m+fp/hard/crtbegin.o
 *(.init)
 .init          0x000000000800465c        0x4 c:/st/stm32cubeide_1.9.0/stm32cubeide/plugins/com.st.stm32cube.ide.mcu.externaltools.gnu-tools-for-stm32.10.3-2021.10.win32_1.0.0.202111181127/tools/bin/../lib/gcc/arm-none-eabi/10.3.1/thumb/v7e-m+fp/hard/crti.o
                0x000000000800465c                _init
 .init          0x0000000008004660        0x8 c:/st/stm32cubeide_1.9.0/stm32cubeide/plugins/com.st.stm32cube.ide.mcu.externaltools.gnu-tools-for-stm32.10.3-2021.10.win32_1.0.0.202111181127/tools/bin/../lib/gcc/arm-none-eabi/10.3.1/thumb/v7e-m+fp/hard/crtn.o
 *(.fini)
 .fini          0x0000000008004668        0x4 c:/st/stm32cubeide_1.9.0/stm32cubeide/plugins/com.st.stm32cube.ide.mcu.externaltools.gnu-tools-for-stm32.10.3-2021.10.win32_1.0.0.202111181127/tools/bin/../lib/gcc/arm-none-eabi/10.3.1/thumb/v7e-m+fp/hard/crti.o
                0x0000000008004668                _fini
 .fini          0x000000000800466c        0x8 c:/st/stm32cubeide_1.9.0/stm32cubeide/plugins/com.st.stm32cube.ide.mcu.externaltools.gnu-tools-for-stm32.10.3-2021.10.win32_1.0.0.202111181127/tools/bin/../lib/gcc/arm-none-eabi/10.3.1/thumb/v7e-m+fp/hard/crtn.o
                0x0000000008004674                . = ALIGN (0x4)
                0x0000000008004674                _etext = .

.vfp11_veneer   0x0000000008004674        0x0
 .vfp11_veneer  0x0000000008004674        0x0 linker stubs

.v4_bx          0x0000000008004674        0x0
 .v4_bx         0x0000000008004674        0x0 linker stubs

.iplt           0x0000000008004674        0x0
 .iplt          0x0000000008004674        0x0 c:/st/stm32cubeide_1.9.0/stm32cubeide/plugins/com.st.stm32cube.ide.mcu.externaltools.gnu-tools-for-stm32.10.3-2021.10.win32_1.0.0.202111181127/tools/bin/../lib/gcc/arm-none-eabi/10.3.1/thumb/v7e-m+fp/hard/crtbegin.o

.rodata         0x0000000008004674       0x24
                0x0000000008004674                . = ALIGN (0x4)
 *(.rodata)
 *(.rodata*)
 .rodata.AHBPrescTable
                0x0000000008004674       0x10 ./Core/Src/system_stm32f4xx.o
                0x0000000008004674                AHBPrescTable
 .rodata.SD_Driver
                0x0000000008004684       0x14 ./FATFS/Target/sd_diskio.o
                0x0000000008004684                SD_Driver
                0x0000000008004698                . = ALIGN (0x4)

.ARM.extab      0x0000000008004698        0x0
                0x0000000008004698                . = ALIGN (0x4)
 *(.ARM.extab* .gnu.linkonce.armextab.*)
                0x0000000008004698                . = ALIGN (0x4)

.ARM            0x0000000008004698        0x8
                0x0000000008004698                . = ALIGN (0x4)
                0x0000000008004698                __exidx_start = .
 *(.ARM.exidx*)
 .ARM.exidx     0x0000000008004698        0x8 c:/st/stm32cubeide_1.9.0/stm32cubeide/plugins/com.st.stm32cube.ide.mcu.externaltools.gnu-tools-for-stm32.10.3-2021.10.win32_1.0.0.202111181127/tools/bin/../lib/gcc/arm-none-eabi/10.3.1/thumb/v7e-m+fp/hard\libgcc.a(_udivmoddi4.o)
                0x00000000080046a0                __exidx_end = .
                0x00000000080046a0                . = ALIGN (0x4)

.rel.dyn        0x00000000080046a0        0x0
 .rel.iplt      0x00000000080046a0        0x0 c:/st/stm32cubeide_1.9.0/stm32cubeide/plugins/com.st.stm32cube.ide.mcu.externaltools.gnu-tools-for-stm32.10.3-2021.10.win32_1.0.0.202111181127/tools/bin/../lib/gcc/arm-none-eabi/10.3.1/thumb/v7e-m+fp/hard/crtbegin.o

.preinit_array  0x00000000080046a0        0x0
                0x00000000080046a0                . = ALIGN (0x4)
                0x00000000080046a0                PROVIDE (__preinit_array_start = .)
 *(.preinit_array*)
                0x00000000080046a0                PROVIDE (__preinit_array_end = .)
                0x00000000080046a0                . = ALIGN (0x4)

.init_array     0x00000000080046a0        0x4
                0x00000000080046a0                . = ALIGN (0x4)
                0x00000000080046a0                PROVIDE (__init_array_start = .)
 *(SORT_BY_NAME(.init_array.*))
 *(.init_array*)
 .init_array    0x00000000080046a0        0x4 c:/st/stm32cubeide_1.9.0/stm32cubeide/plugins/com.st.stm32cube.ide.mcu.externaltools.gnu-tools-for-stm32.10.3-2021.10.win32_1.0.0.202111181127/tools/bin/../lib/gcc/arm-none-eabi/10.3.1/thumb/v7e-m+fp/hard/crtbegin.o
                0x00000000080046a4                PROVIDE (__init_array_end = .)
                0x00000000080046a4                . = ALIGN (0x4)

.fini_array     0x00000000080046a4        0x4
                0x00000000080046a4                . = ALIGN (0x4)
                [!provide]                        PROVIDE (__fini_array_start = .)
 *(SORT_BY_NAME(.fini_array.*))
 *(.fini_array*)
 .fini_array    0x00000000080046a4        0x4 c:/st/stm32cubeide_1.9.0/stm32cubeide/plugins/com.st.stm32cube.ide.mcu.externaltools.gnu-tools-for-stm32.10.3-2021.10.win32_1.0.0.202111181127/tools/bin/../lib/gcc/arm-none-eabi/10.3.1/thumb/v7e-m+fp/hard/crtbegin.o
                [!provide]                        PROVIDE (__fini_array_end = .)
                0x00000000080046a8                . = ALIGN (0x4)
                0x00000000080046a8                _sidata = LOADADDR (.data)

.data           0x0000000020000000        0xc load address 0x00000000080046a8
                0x0000000020000000                . = ALIGN (0x4)
                0x0000000020000000                _sdata = .
 *(.data)
 *(.data*)
 .data.SystemCoreClock
                0x0000000020000000        0x4 ./Core/Src/system_stm32f4xx.o
                0x0000000020000000                SystemCoreClock
 .data.uwTickPrio
                0x0000000020000004        0x4 ./Drivers/STM32F4xx_HAL_Driver/Src/stm32f4xx_hal.o
                0x0000000020000004                uwTickPrio
 .data.uwTickFreq
                0x0000000020000008        0x1 ./Drivers/STM32F4xx_HAL_Driver/Src/stm32f4xx_hal.o
                0x0000000020000008                uwTickFreq
 .data.Stat     0x0000000020000009        0x1 ./FATFS/Target/sd_diskio.o
 *(.RamFunc)
 *(.RamFunc*)
                0x000000002000000c                . = ALIGN (0x4)
 *fill*         0x000000002000000a        0x2 
                0x000000002000000c                _edata = .

.igot.plt       0x000000002000000c        0x0 load address 0x00000000080046b4
 .igot.plt      0x000000002000000c        0x0 c:/st/stm32cubeide_1.9.0/stm32cubeide/plugins/com.st.stm32cube.ide.mcu.externaltools.gnu-tools-for-stm32.10.3-2021.10.win32_1.0.0.202111181127/tools/bin/../lib/gcc/arm-none-eabi/10.3.1/thumb/v7e-m+fp/hard/crtbegin.o
                0x000000002000000c                . = ALIGN (0x4)

.bss            0x000000002000000c      0x188 load address 0x00000000080046b4
                0x000000002000000c                _sbss = .
                0x000000002000000c                __bss_start__ = _sbss
 *(.bss)
 .bss           0x000000002000000c       0x1c c:/st/stm32cubeide_1.9.0/stm32cubeide/plugins/com.st.stm32cube.ide.mcu.externaltools.gnu-tools-for-stm32.10.3-2021.10.win32_1.0.0.202111181127/tools/bin/../lib/gcc/arm-none-eabi/10.3.1/thumb/v7e-m+fp/hard/crtbegin.o
 *(.bss*)
 .bss.hcan1     0x0000000020000028       0x28 ./Core/Src/main.o
                0x0000000020000028                hcan1
 .bss.hcan2     0x0000000020000050       0x28 ./Core/Src/main.o
                0x0000000020000050                hcan2
 .bss.hcan3     0x0000000020000078       0x28 ./Core/Src/main.o
                0x0000000020000078                hcan3
 .bss.hsd       0x00000000200000a0       0x84 ./Core/Src/main.o
                0x00000000200000a0                hsd
 .bss.hspi1     0x0000000020000124       0x58 ./Core/Src/main.o
                0x0000000020000124                hspi1
 .bss.uwTick    0x000000002000017c        0x4 ./Drivers/STM32F4xx_HAL_Driver/Src/stm32f4xx_hal.o
                0x000000002000017c                uwTick
 .bss.retSD     0x0000000020000180        0x1 ./FATFS/App/fatfs.o
                0x0000000020000180                retSD
 *fill*         0x0000000020000181        0x3 
 .bss.SDPath    0x0000000020000184        0x4 ./FATFS/App/fatfs.o
                0x0000000020000184                SDPath
 .bss.disk      0x0000000020000188        0xc ./Middlewares/Third_Party/FatFs/src/ff_gen_drv.o
                0x0000000020000188                disk
 *(COMMON)
                0x0000000020000194                . = ALIGN (0x4)
                0x0000000020000194                _ebss = .
                0x0000000020000194                __bss_end__ = _ebss

._user_heap_stack
                0x0000000020000194      0x604 load address 0x00000000080046b4
                0x0000000020000198                . = ALIGN (0x8)
 *fill*         0x0000000020000194        0x4 
                [!provide]                        PROVIDE (end = .)
                0x0000000020000198                PROVIDE (_end = .)
                0x0000000020000398                . = (. + _Min_Heap_Size)
 *fill*         0x0000000020000198      0x200 
                0x0000000020000798                . = (. + _Min_Stack_Size)
 *fill*         0x0000000020000398      0x400 
                0x0000000020000798                . = ALIGN (0x8)

/DISCARD/
 libc.a(*)
 libm.a(*)
 libgcc.a(*)

.ARM.attributes
                0x0000000000000000       0x30
 *(.ARM.attributes)
 .ARM.attributes
                0x0000000000000000       0x1e c:/st/stm32cubeide_1.9.0/stm32cubeide/plugins/com.st.stm32cube.ide.mcu.externaltools.gnu-tools-for-stm32.10.3-2021.10.win32_1.0.0.202111181127/tools/bin/../lib/gcc/arm-none-eabi/10.3.1/thumb/v7e-m+fp/hard/crti.o
 .ARM.attributes
                0x000000000000001e       0x34 c:/st/stm32cubeide_1.9.0/stm32cubeide/plugins/com.st.stm32cube.ide.mcu.externaltools.gnu-tools-for-stm32.10.3-2021.10.win32_1.0.0.202111181127/tools/bin/../lib/gcc/arm-none-eabi/10.3.1/thumb/v7e-m+fp/hard/crtbegin.o
 .ARM.attributes
                0x0000000000000052       0x34 ./Core/Src/main.o
 .ARM.attributes
                0x0000000000000086       0x34 ./Core/Src/stm32f4xx_hal_msp.o
 .ARM.attributes
                0x00000000000000ba       0x34 ./Core/Src/stm32f4xx_it.o
 .ARM.attributes
                0x00000000000000ee       0x34 ./Core/Src/system_stm32f4xx.o
 .ARM.attributes
                0x0000000000000122       0x21 ./Core/Startup/startup_stm32f413rgtx.o
 .ARM.attributes
                0x0000000000000143       0x34 ./Drivers/STM32F4xx_HAL_Driver/Src/stm32f4xx_hal.o
 .ARM.attributes
                0x0000000000000177       0x34 ./Drivers/STM32F4xx_HAL_Driver/Src/stm32f4xx_hal_can.o
 .ARM.attributes
                0x00000000000001ab       0x34 ./Drivers/STM32F4xx_HAL_Driver/Src/stm32f4xx_hal_cortex.o
 .ARM.attributes
                0x00000000000001df       0x34 ./Drivers/STM32F4xx_HAL_Driver/Src/stm32f4xx_hal_gpio.o
 .ARM.attributes
                0x0000000000000213       0x34 ./Drivers/STM32F4xx_HAL_Driver/Src/stm32f4xx_hal_rcc.o
 .ARM.attributes
                0x0000000000000247       0x34 ./Drivers/STM32F4xx_HAL_Driver/Src/stm32f4xx_hal_rcc_ex.o
 .ARM.attributes
                0x000000000000027b       0x34 ./Drivers/STM32F4xx_HAL_Driver/Src/stm32f4xx_hal_sd.o
 .ARM.attributes
                0x00000000000002af       0x34 ./Drivers/STM32F4xx_HAL_Driver/Src/stm32f4xx_hal_spi.o
 .ARM.attributes
                0x00000000000002e3       0x34 ./Drivers/STM32F4xx_HAL_Driver/Src/stm32f4xx_ll_sdmmc.o
 .ARM.attributes
                0x0000000000000317       0x34 ./FATFS/App/fatfs.o
 .ARM.attributes
                0x000000000000034b       0x34 ./FATFS/Target/bsp_driver_sd.o
 .ARM.attributes
                0x000000000000037f       0x34 ./FATFS/Target/sd_diskio.o
 .ARM.attributes
                0x00000000000003b3       0x34 ./Middlewares/Third_Party/FatFs/src/ff_gen_drv.o
 .ARM.attributes
                0x00000000000003e7       0x34 c:/st/stm32cubeide_1.9.0/stm32cubeide/plugins/com.st.stm32cube.ide.mcu.externaltools.gnu-tools-for-stm32.10.3-2021.10.win32_1.0.0.202111181127/tools/bin/../lib/gcc/arm-none-eabi/10.3.1/../../../../arm-none-eabi/lib/thumb/v7e-m+fp/hard\libc_nano.a(lib_a-init.o)
 .ARM.attributes
                0x000000000000041b       0x34 c:/st/stm32cubeide_1.9.0/stm32cubeide/plugins/com.st.stm32cube.ide.mcu.externaltools.gnu-tools-for-stm32.10.3-2021.10.win32_1.0.0.202111181127/tools/bin/../lib/gcc/arm-none-eabi/10.3.1/../../../../arm-none-eabi/lib/thumb/v7e-m+fp/hard\libc_nano.a(lib_a-memset.o)
 .ARM.attributes
                0x000000000000044f       0x1e c:/st/stm32cubeide_1.9.0/stm32cubeide/plugins/com.st.stm32cube.ide.mcu.externaltools.gnu-tools-for-stm32.10.3-2021.10.win32_1.0.0.202111181127/tools/bin/../lib/gcc/arm-none-eabi/10.3.1/thumb/v7e-m+fp/hard\libgcc.a(_aeabi_uldivmod.o)
 .ARM.attributes
                0x000000000000046d       0x34 c:/st/stm32cubeide_1.9.0/stm32cubeide/plugins/com.st.stm32cube.ide.mcu.externaltools.gnu-tools-for-stm32.10.3-2021.10.win32_1.0.0.202111181127/tools/bin/../lib/gcc/arm-none-eabi/10.3.1/thumb/v7e-m+fp/hard\libgcc.a(_udivmoddi4.o)
 .ARM.attributes
                0x00000000000004a1       0x1e c:/st/stm32cubeide_1.9.0/stm32cubeide/plugins/com.st.stm32cube.ide.mcu.externaltools.gnu-tools-for-stm32.10.3-2021.10.win32_1.0.0.202111181127/tools/bin/../lib/gcc/arm-none-eabi/10.3.1/thumb/v7e-m+fp/hard\libgcc.a(_dvmd_tls.o)
 .ARM.attributes
                0x00000000000004bf       0x1e c:/st/stm32cubeide_1.9.0/stm32cubeide/plugins/com.st.stm32cube.ide.mcu.externaltools.gnu-tools-for-stm32.10.3-2021.10.win32_1.0.0.202111181127/tools/bin/../lib/gcc/arm-none-eabi/10.3.1/thumb/v7e-m+fp/hard/crtn.o
OUTPUT(can-logger.elf elf32-littlearm)
LOAD linker stubs
LOAD c:/st/stm32cubeide_1.9.0/stm32cubeide/plugins/com.st.stm32cube.ide.mcu.externaltools.gnu-tools-for-stm32.10.3-2021.10.win32_1.0.0.202111181127/tools/bin/../lib/gcc/arm-none-eabi/10.3.1/../../../../arm-none-eabi/lib/thumb/v7e-m+fp/hard\libc.a
LOAD c:/st/stm32cubeide_1.9.0/stm32cubeide/plugins/com.st.stm32cube.ide.mcu.externaltools.gnu-tools-for-stm32.10.3-2021.10.win32_1.0.0.202111181127/tools/bin/../lib/gcc/arm-none-eabi/10.3.1/../../../../arm-none-eabi/lib/thumb/v7e-m+fp/hard\libm.a
LOAD c:/st/stm32cubeide_1.9.0/stm32cubeide/plugins/com.st.stm32cube.ide.mcu.externaltools.gnu-tools-for-stm32.10.3-2021.10.win32_1.0.0.202111181127/tools/bin/../lib/gcc/arm-none-eabi/10.3.1/thumb/v7e-m+fp/hard\libgcc.a

.debug_info     0x0000000000000000     0xd1db
 .debug_info    0x0000000000000000     0x14bd ./Core/Src/main.o
 .debug_info    0x00000000000014bd     0x150c ./Core/Src/stm32f4xx_hal_msp.o
 .debug_info    0x00000000000029c9      0x121 ./Core/Src/stm32f4xx_it.o
 .debug_info    0x0000000000002aea      0x55b ./Core/Src/system_stm32f4xx.o
 .debug_info    0x0000000000003045       0x22 ./Core/Startup/startup_stm32f413rgtx.o
 .debug_info    0x0000000000003067      0xa02 ./Drivers/STM32F4xx_HAL_Driver/Src/stm32f4xx_hal.o
 .debug_info    0x0000000000003a69      0xfc9 ./Drivers/STM32F4xx_HAL_Driver/Src/stm32f4xx_hal_can.o
 .debug_info    0x0000000000004a32      0xe69 ./Drivers/STM32F4xx_HAL_Driver/Src/stm32f4xx_hal_cortex.o
 .debug_info    0x000000000000589b      0x7da ./Drivers/STM32F4xx_HAL_Driver/Src/stm32f4xx_hal_gpio.o
 .debug_info    0x0000000000006075      0x9ab ./Drivers/STM32F4xx_HAL_Driver/Src/stm32f4xx_hal_rcc.o
 .debug_info    0x0000000000006a20      0x871 ./Drivers/STM32F4xx_HAL_Driver/Src/stm32f4xx_hal_rcc_ex.o
 .debug_info    0x0000000000007291     0x1d34 ./Drivers/STM32F4xx_HAL_Driver/Src/stm32f4xx_hal_sd.o
 .debug_info    0x0000000000008fc5     0x1758 ./Drivers/STM32F4xx_HAL_Driver/Src/stm32f4xx_hal_spi.o
 .debug_info    0x000000000000a71d     0x11dd ./Drivers/STM32F4xx_HAL_Driver/Src/stm32f4xx_ll_sdmmc.o
 .debug_info    0x000000000000b8fa      0x4fa ./FATFS/App/fatfs.o
 .debug_info    0x000000000000bdf4      0xb55 ./FATFS/Target/bsp_driver_sd.o
 .debug_info    0x000000000000c949      0x4e9 ./FATFS/Target/sd_diskio.o
 .debug_info    0x000000000000ce32      0x3a9 ./Middlewares/Third_Party/FatFs/src/ff_gen_drv.o

.debug_abbrev   0x0000000000000000     0x222d
 .debug_abbrev  0x0000000000000000      0x2d3 ./Core/Src/main.o
 .debug_abbrev  0x00000000000002d3      0x256 ./Core/Src/stm32f4xx_hal_msp.o
 .debug_abbrev  0x0000000000000529       0x74 ./Core/Src/stm32f4xx_it.o
 .debug_abbrev  0x000000000000059d      0x116 ./Core/Src/system_stm32f4xx.o
 .debug_abbrev  0x00000000000006b3       0x12 ./Core/Startup/startup_stm32f413rgtx.o
 .debug_abbrev  0x00000000000006c5      0x20d ./Drivers/STM32F4xx_HAL_Driver/Src/stm32f4xx_hal.o
 .debug_abbrev  0x00000000000008d2      0x22e ./Drivers/STM32F4xx_HAL_Driver/Src/stm32f4xx_hal_can.o
 .debug_abbrev  0x0000000000000b00      0x316 ./Drivers/STM32F4xx_HAL_Driver/Src/stm32f4xx_hal_cortex.o
 .debug_abbrev  0x0000000000000e16      0x1c4 ./Drivers/STM32F4xx_HAL_Driver/Src/stm32f4xx_hal_gpio.o
 .debug_abbrev  0x0000000000000fda      0x2aa ./Drivers/STM32F4xx_HAL_Driver/Src/stm32f4xx_hal_rcc.o
 .debug_abbrev  0x0000000000001284      0x1d9 ./Drivers/STM32F4xx_HAL_Driver/Src/stm32f4xx_hal_rcc_ex.o
 .debug_abbrev  0x000000000000145d      0x288 ./Drivers/STM32F4xx_HAL_Driver/Src/stm32f4xx_hal_sd.o
 .debug_abbrev  0x00000000000016e5      0x26e ./Drivers/STM32F4xx_HAL_Driver/Src/stm32f4xx_hal_spi.o
 .debug_abbrev  0x0000000000001953      0x1ce ./Drivers/STM32F4xx_HAL_Driver/Src/stm32f4xx_ll_sdmmc.o
 .debug_abbrev  0x0000000000001b21      0x15a ./FATFS/App/fatfs.o
 .debug_abbrev  0x0000000000001c7b      0x295 ./FATFS/Target/bsp_driver_sd.o
 .debug_abbrev  0x0000000000001f10      0x187 ./FATFS/Target/sd_diskio.o
 .debug_abbrev  0x0000000000002097      0x196 ./Middlewares/Third_Party/FatFs/src/ff_gen_drv.o

.debug_aranges  0x0000000000000000      0xbf0
 .debug_aranges
                0x0000000000000000       0x60 ./Core/Src/main.o
 .debug_aranges
                0x0000000000000060       0x50 ./Core/Src/stm32f4xx_hal_msp.o
 .debug_aranges
                0x00000000000000b0       0x60 ./Core/Src/stm32f4xx_it.o
 .debug_aranges
                0x0000000000000110       0x28 ./Core/Src/system_stm32f4xx.o
 .debug_aranges
                0x0000000000000138       0x28 ./Core/Startup/startup_stm32f413rgtx.o
 .debug_aranges
                0x0000000000000160       0xf0 ./Drivers/STM32F4xx_HAL_Driver/Src/stm32f4xx_hal.o
 .debug_aranges
                0x0000000000000250      0x138 ./Drivers/STM32F4xx_HAL_Driver/Src/stm32f4xx_hal_can.o
 .debug_aranges
                0x0000000000000388      0x118 ./Drivers/STM32F4xx_HAL_Driver/Src/stm32f4xx_hal_cortex.o
 .debug_aranges
                0x00000000000004a0       0x58 ./Drivers/STM32F4xx_HAL_Driver/Src/stm32f4xx_hal_gpio.o
 .debug_aranges
                0x00000000000004f8       0x88 ./Drivers/STM32F4xx_HAL_Driver/Src/stm32f4xx_hal_rcc.o
 .debug_aranges
                0x0000000000000580       0x60 ./Drivers/STM32F4xx_HAL_Driver/Src/stm32f4xx_hal_rcc_ex.o
 .debug_aranges
                0x00000000000005e0      0x168 ./Drivers/STM32F4xx_HAL_Driver/Src/stm32f4xx_hal_sd.o
 .debug_aranges
                0x0000000000000748      0x1d0 ./Drivers/STM32F4xx_HAL_Driver/Src/stm32f4xx_hal_spi.o
 .debug_aranges
                0x0000000000000918      0x188 ./Drivers/STM32F4xx_HAL_Driver/Src/stm32f4xx_ll_sdmmc.o
 .debug_aranges
                0x0000000000000aa0       0x28 ./FATFS/App/fatfs.o
 .debug_aranges
                0x0000000000000ac8       0xa0 ./FATFS/Target/bsp_driver_sd.o
 .debug_aranges
                0x0000000000000b68       0x48 ./FATFS/Target/sd_diskio.o
 .debug_aranges
                0x0000000000000bb0       0x40 ./Middlewares/Third_Party/FatFs/src/ff_gen_drv.o

.debug_ranges   0x0000000000000000      0xad8
 .debug_ranges  0x0000000000000000       0x50 ./Core/Src/main.o
 .debug_ranges  0x0000000000000050       0x40 ./Core/Src/stm32f4xx_hal_msp.o
 .debug_ranges  0x0000000000000090       0x50 ./Core/Src/stm32f4xx_it.o
 .debug_ranges  0x00000000000000e0       0x18 ./Core/Src/system_stm32f4xx.o
 .debug_ranges  0x00000000000000f8       0x20 ./Core/Startup/startup_stm32f413rgtx.o
 .debug_ranges  0x0000000000000118       0xe0 ./Drivers/STM32F4xx_HAL_Driver/Src/stm32f4xx_hal.o
 .debug_ranges  0x00000000000001f8      0x128 ./Drivers/STM32F4xx_HAL_Driver/Src/stm32f4xx_hal_can.o
 .debug_ranges  0x0000000000000320      0x108 ./Drivers/STM32F4xx_HAL_Driver/Src/stm32f4xx_hal_cortex.o
 .debug_ranges  0x0000000000000428       0x48 ./Drivers/STM32F4xx_HAL_Driver/Src/stm32f4xx_hal_gpio.o
 .debug_ranges  0x0000000000000470       0x78 ./Drivers/STM32F4xx_HAL_Driver/Src/stm32f4xx_hal_rcc.o
 .debug_ranges  0x00000000000004e8       0x50 ./Drivers/STM32F4xx_HAL_Driver/Src/stm32f4xx_hal_rcc_ex.o
 .debug_ranges  0x0000000000000538      0x158 ./Drivers/STM32F4xx_HAL_Driver/Src/stm32f4xx_hal_sd.o
 .debug_ranges  0x0000000000000690      0x1c0 ./Drivers/STM32F4xx_HAL_Driver/Src/stm32f4xx_hal_spi.o
 .debug_ranges  0x0000000000000850      0x178 ./Drivers/STM32F4xx_HAL_Driver/Src/stm32f4xx_ll_sdmmc.o
 .debug_ranges  0x00000000000009c8       0x18 ./FATFS/App/fatfs.o
 .debug_ranges  0x00000000000009e0       0x90 ./FATFS/Target/bsp_driver_sd.o
 .debug_ranges  0x0000000000000a70       0x38 ./FATFS/Target/sd_diskio.o
 .debug_ranges  0x0000000000000aa8       0x30 ./Middlewares/Third_Party/FatFs/src/ff_gen_drv.o

.debug_macro    0x0000000000000000    0x22124
 .debug_macro   0x0000000000000000      0x31a ./Core/Src/main.o
 .debug_macro   0x000000000000031a      0xa78 ./Core/Src/main.o
 .debug_macro   0x0000000000000d92      0x2a1 ./Core/Src/main.o
 .debug_macro   0x0000000000001033       0x2e ./Core/Src/main.o
 .debug_macro   0x0000000000001061       0x28 ./Core/Src/main.o
 .debug_macro   0x0000000000001089       0x22 ./Core/Src/main.o
 .debug_macro   0x00000000000010ab       0x8e ./Core/Src/main.o
 .debug_macro   0x0000000000001139       0x51 ./Core/Src/main.o
 .debug_macro   0x000000000000118a      0x103 ./Core/Src/main.o
 .debug_macro   0x000000000000128d       0x6a ./Core/Src/main.o
 .debug_macro   0x00000000000012f7      0x1df ./Core/Src/main.o
 .debug_macro   0x00000000000014d6       0x1c ./Core/Src/main.o
 .debug_macro   0x00000000000014f2       0x22 ./Core/Src/main.o
 .debug_macro   0x0000000000001514       0xd9 ./Core/Src/main.o
 .debug_macro   0x00000000000015ed     0x102d ./Core/Src/main.o
 .debug_macro   0x000000000000261a      0x11f ./Core/Src/main.o
 .debug_macro   0x0000000000002739    0x15a8b ./Core/Src/main.o
 .debug_macro   0x00000000000181c4       0x6d ./Core/Src/main.o
 .debug_macro   0x0000000000018231     0x367e ./Core/Src/main.o
 .debug_macro   0x000000000001b8af      0x174 ./Core/Src/main.o
 .debug_macro   0x000000000001ba23       0x5c ./Core/Src/main.o
 .debug_macro   0x000000000001ba7f      0xcdd ./Core/Src/main.o
 .debug_macro   0x000000000001c75c      0x9fe ./Core/Src/main.o
 .debug_macro   0x000000000001d15a      0x115 ./Core/Src/main.o
 .debug_macro   0x000000000001d26f      0x202 ./Core/Src/main.o
 .debug_macro   0x000000000001d471       0xa5 ./Core/Src/main.o
 .debug_macro   0x000000000001d516      0x173 ./Core/Src/main.o
 .debug_macro   0x000000000001d689      0x2bf ./Core/Src/main.o
 .debug_macro   0x000000000001d948       0x5f ./Core/Src/main.o
 .debug_macro   0x000000000001d9a7      0x236 ./Core/Src/main.o
 .debug_macro   0x000000000001dbdd      0x40f ./Core/Src/main.o
 .debug_macro   0x000000000001dfec      0x132 ./Core/Src/main.o
 .debug_macro   0x000000000001e11e      0x30c ./Core/Src/main.o
 .debug_macro   0x000000000001e42a       0x2e ./Core/Src/main.o
 .debug_macro   0x000000000001e458      0x11a ./Core/Src/main.o
 .debug_macro   0x000000000001e572       0x91 ./Core/Src/main.o
 .debug_macro   0x000000000001e603       0x89 ./Core/Src/main.o
 .debug_macro   0x000000000001e68c      0x81b ./Core/Src/main.o
 .debug_macro   0x000000000001eea7      0x1d5 ./Core/Src/main.o
 .debug_macro   0x000000000001f07c      0x225 ./Core/Src/main.o
 .debug_macro   0x000000000001f2a1      0x134 ./Core/Src/main.o
 .debug_macro   0x000000000001f3d5       0x40 ./Core/Src/main.o
 .debug_macro   0x000000000001f415       0x3a ./Core/Src/main.o
 .debug_macro   0x000000000001f44f       0xe5 ./Core/Src/main.o
 .debug_macro   0x000000000001f534       0x1e ./Core/Src/main.o
 .debug_macro   0x000000000001f552       0x52 ./Core/Src/main.o
 .debug_macro   0x000000000001f5a4       0x3c ./Core/Src/main.o
 .debug_macro   0x000000000001f5e0       0x34 ./Core/Src/main.o
 .debug_macro   0x000000000001f614       0x16 ./Core/Src/main.o
 .debug_macro   0x000000000001f62a       0x35 ./Core/Src/main.o
 .debug_macro   0x000000000001f65f       0x16 ./Core/Src/main.o
 .debug_macro   0x000000000001f675       0x43 ./Core/Src/main.o
 .debug_macro   0x000000000001f6b8       0x34 ./Core/Src/main.o
 .debug_macro   0x000000000001f6ec       0x10 ./Core/Src/main.o
 .debug_macro   0x000000000001f6fc       0x58 ./Core/Src/main.o
 .debug_macro   0x000000000001f754       0x71 ./Core/Src/main.o
 .debug_macro   0x000000000001f7c5       0x1c ./Core/Src/main.o
 .debug_macro   0x000000000001f7e1      0x12a ./Core/Src/main.o
 .debug_macro   0x000000000001f90b      0x341 ./Core/Src/main.o
 .debug_macro   0x000000000001fc4c       0x16 ./Core/Src/main.o
 .debug_macro   0x000000000001fc62       0x29 ./Core/Src/main.o
 .debug_macro   0x000000000001fc8b       0x12 ./Core/Src/main.o
 .debug_macro   0x000000000001fc9d       0xe2 ./Core/Src/main.o
 .debug_macro   0x000000000001fd7f       0x8e ./Core/Src/main.o
 .debug_macro   0x000000000001fe0d      0x1ec ./Core/Src/stm32f4xx_hal_msp.o
 .debug_macro   0x000000000001fff9      0x1f6 ./Core/Src/stm32f4xx_it.o
 .debug_macro   0x00000000000201ef      0x1dd ./Core/Src/system_stm32f4xx.o
 .debug_macro   0x00000000000203cc      0x23d ./Drivers/STM32F4xx_HAL_Driver/Src/stm32f4xx_hal.o
 .debug_macro   0x0000000000020609      0x1e5 ./Drivers/STM32F4xx_HAL_Driver/Src/stm32f4xx_hal_can.o
 .debug_macro   0x00000000000207ee      0x1dd ./Drivers/STM32F4xx_HAL_Driver/Src/stm32f4xx_hal_cortex.o
 .debug_macro   0x00000000000209cb      0x1e3 ./Drivers/STM32F4xx_HAL_Driver/Src/stm32f4xx_hal_gpio.o
 .debug_macro   0x0000000000020bae      0x201 ./Drivers/STM32F4xx_HAL_Driver/Src/stm32f4xx_hal_rcc.o
 .debug_macro   0x0000000000020daf      0x1dd ./Drivers/STM32F4xx_HAL_Driver/Src/stm32f4xx_hal_rcc_ex.o
 .debug_macro   0x0000000000020f8c      0x1de ./Drivers/STM32F4xx_HAL_Driver/Src/stm32f4xx_hal_sd.o
 .debug_macro   0x000000000002116a      0x1ec ./Drivers/STM32F4xx_HAL_Driver/Src/stm32f4xx_hal_spi.o
 .debug_macro   0x0000000000021356      0x1de ./Drivers/STM32F4xx_HAL_Driver/Src/stm32f4xx_ll_sdmmc.o
 .debug_macro   0x0000000000021534      0x31a ./FATFS/App/fatfs.o
 .debug_macro   0x000000000002184e      0x1ec ./FATFS/Target/bsp_driver_sd.o
 .debug_macro   0x0000000000021a3a       0x34 ./FATFS/Target/bsp_driver_sd.o
 .debug_macro   0x0000000000021a6e      0x31d ./FATFS/Target/sd_diskio.o
 .debug_macro   0x0000000000021d8b       0x16 ./FATFS/Target/sd_diskio.o
 .debug_macro   0x0000000000021da1       0x7c ./FATFS/Target/sd_diskio.o
 .debug_macro   0x0000000000021e1d      0x307 ./Middlewares/Third_Party/FatFs/src/ff_gen_drv.o

.debug_line     0x0000000000000000     0xe027
 .debug_line    0x0000000000000000      0xa9a ./Core/Src/main.o
 .debug_line    0x0000000000000a9a      0x866 ./Core/Src/stm32f4xx_hal_msp.o
 .debug_line    0x0000000000001300      0x78d ./Core/Src/stm32f4xx_it.o
 .debug_line    0x0000000000001a8d      0x74c ./Core/Src/system_stm32f4xx.o
 .debug_line    0x00000000000021d9       0x88 ./Core/Startup/startup_stm32f413rgtx.o
 .debug_line    0x0000000000002261      0x9b2 ./Drivers/STM32F4xx_HAL_Driver/Src/stm32f4xx_hal.o
 .debug_line    0x0000000000002c13     0x112b ./Drivers/STM32F4xx_HAL_Driver/Src/stm32f4xx_hal_can.o
 .debug_line    0x0000000000003d3e      0xc61 ./Drivers/STM32F4xx_HAL_Driver/Src/stm32f4xx_hal_cortex.o
 .debug_line    0x000000000000499f      0xb12 ./Drivers/STM32F4xx_HAL_Driver/Src/stm32f4xx_hal_gpio.o
 .debug_line    0x00000000000054b1      0xd38 ./Drivers/STM32F4xx_HAL_Driver/Src/stm32f4xx_hal_rcc.o
 .debug_line    0x00000000000061e9     0x108c ./Drivers/STM32F4xx_HAL_Driver/Src/stm32f4xx_hal_rcc_ex.o
 .debug_line    0x0000000000007275     0x1dd4 ./Drivers/STM32F4xx_HAL_Driver/Src/stm32f4xx_hal_sd.o
 .debug_line    0x0000000000009049     0x1c3c ./Drivers/STM32F4xx_HAL_Driver/Src/stm32f4xx_hal_spi.o
 .debug_line    0x000000000000ac85      0xf45 ./Drivers/STM32F4xx_HAL_Driver/Src/stm32f4xx_ll_sdmmc.o
 .debug_line    0x000000000000bbca      0x8c5 ./FATFS/App/fatfs.o
 .debug_line    0x000000000000c48f      0x89b ./FATFS/Target/bsp_driver_sd.o
 .debug_line    0x000000000000cd2a      0x9a9 ./FATFS/Target/sd_diskio.o
 .debug_line    0x000000000000d6d3      0x954 ./Middlewares/Third_Party/FatFs/src/ff_gen_drv.o

.debug_str      0x0000000000000000    0xcc208
 .debug_str     0x0000000000000000    0xc8f99 ./Core/Src/main.o
                                      0xc935d (size before relaxing)
 .debug_str     0x00000000000c8f99      0x254 ./Core/Src/stm32f4xx_hal_msp.o
                                      0xc5dde (size before relaxing)
 .debug_str     0x00000000000c91ed       0xc9 ./Core/Src/stm32f4xx_it.o
                                      0xc519a (size before relaxing)
 .debug_str     0x00000000000c92b6       0xdb ./Core/Src/system_stm32f4xx.o
                                      0xc5201 (size before relaxing)
 .debug_str     0x00000000000c9391       0x36 ./Core/Startup/startup_stm32f413rgtx.o
                                         0x62 (size before relaxing)
 .debug_str     0x00000000000c93c7      0xba3 ./Drivers/STM32F4xx_HAL_Driver/Src/stm32f4xx_hal.o
                                      0xc5e37 (size before relaxing)
 .debug_str     0x00000000000c9f6a      0x560 ./Drivers/STM32F4xx_HAL_Driver/Src/stm32f4xx_hal_can.o
                                      0xc58c9 (size before relaxing)
 .debug_str     0x00000000000ca4ca      0x354 ./Drivers/STM32F4xx_HAL_Driver/Src/stm32f4xx_hal_cortex.o
                                      0xc5b46 (size before relaxing)
 .debug_str     0x00000000000ca81e      0x12a ./Drivers/STM32F4xx_HAL_Driver/Src/stm32f4xx_hal_gpio.o
                                      0xc538b (size before relaxing)
 .debug_str     0x00000000000ca948      0x233 ./Drivers/STM32F4xx_HAL_Driver/Src/stm32f4xx_hal_rcc.o
                                      0xc563a (size before relaxing)
 .debug_str     0x00000000000cab7b      0x124 ./Drivers/STM32F4xx_HAL_Driver/Src/stm32f4xx_hal_rcc_ex.o
                                      0xc55bf (size before relaxing)
 .debug_str     0x00000000000cac9f      0x970 ./Drivers/STM32F4xx_HAL_Driver/Src/stm32f4xx_hal_sd.o
                                      0xc5f56 (size before relaxing)
 .debug_str     0x00000000000cb60f      0x558 ./Drivers/STM32F4xx_HAL_Driver/Src/stm32f4xx_hal_spi.o
                                      0xc5aa1 (size before relaxing)
 .debug_str     0x00000000000cbb67      0x227 ./Drivers/STM32F4xx_HAL_Driver/Src/stm32f4xx_ll_sdmmc.o
                                      0xc5664 (size before relaxing)
 .debug_str     0x00000000000cbd8e      0x1bc ./FATFS/App/fatfs.o
                                      0xc887d (size before relaxing)
 .debug_str     0x00000000000cbf4a      0x164 ./FATFS/Target/bsp_driver_sd.o
                                      0xc586c (size before relaxing)
 .debug_str     0x00000000000cc0ae       0xa0 ./FATFS/Target/sd_diskio.o
                                      0xc88c5 (size before relaxing)
 .debug_str     0x00000000000cc14e       0xba ./Middlewares/Third_Party/FatFs/src/ff_gen_drv.o
                                      0xc87e9 (size before relaxing)

.comment        0x0000000000000000       0x50
 .comment       0x0000000000000000       0x50 ./Core/Src/main.o
                                         0x51 (size before relaxing)
 .comment       0x0000000000000050       0x51 ./Core/Src/stm32f4xx_hal_msp.o
 .comment       0x0000000000000050       0x51 ./Core/Src/stm32f4xx_it.o
 .comment       0x0000000000000050       0x51 ./Core/Src/system_stm32f4xx.o
 .comment       0x0000000000000050       0x51 ./Drivers/STM32F4xx_HAL_Driver/Src/stm32f4xx_hal.o
 .comment       0x0000000000000050       0x51 ./Drivers/STM32F4xx_HAL_Driver/Src/stm32f4xx_hal_can.o
 .comment       0x0000000000000050       0x51 ./Drivers/STM32F4xx_HAL_Driver/Src/stm32f4xx_hal_cortex.o
 .comment       0x0000000000000050       0x51 ./Drivers/STM32F4xx_HAL_Driver/Src/stm32f4xx_hal_gpio.o
 .comment       0x0000000000000050       0x51 ./Drivers/STM32F4xx_HAL_Driver/Src/stm32f4xx_hal_rcc.o
 .comment       0x0000000000000050       0x51 ./Drivers/STM32F4xx_HAL_Driver/Src/stm32f4xx_hal_rcc_ex.o
 .comment       0x0000000000000050       0x51 ./Drivers/STM32F4xx_HAL_Driver/Src/stm32f4xx_hal_sd.o
 .comment       0x0000000000000050       0x51 ./Drivers/STM32F4xx_HAL_Driver/Src/stm32f4xx_hal_spi.o
 .comment       0x0000000000000050       0x51 ./Drivers/STM32F4xx_HAL_Driver/Src/stm32f4xx_ll_sdmmc.o
 .comment       0x0000000000000050       0x51 ./FATFS/App/fatfs.o
 .comment       0x0000000000000050       0x51 ./FATFS/Target/bsp_driver_sd.o
 .comment       0x0000000000000050       0x51 ./FATFS/Target/sd_diskio.o
 .comment       0x0000000000000050       0x51 ./Middlewares/Third_Party/FatFs/src/ff_gen_drv.o

.debug_frame    0x0000000000000000     0x302c
 .debug_frame   0x0000000000000000      0x11c ./Core/Src/main.o
 .debug_frame   0x000000000000011c      0x114 ./Core/Src/stm32f4xx_hal_msp.o
 .debug_frame   0x0000000000000230      0x104 ./Core/Src/stm32f4xx_it.o
 .debug_frame   0x0000000000000334       0x58 ./Core/Src/system_stm32f4xx.o
 .debug_frame   0x000000000000038c      0x374 ./Drivers/STM32F4xx_HAL_Driver/Src/stm32f4xx_hal.o
 .debug_frame   0x0000000000000700      0x5a0 ./Drivers/STM32F4xx_HAL_Driver/Src/stm32f4xx_hal_can.o
 .debug_frame   0x0000000000000ca0      0x498 ./Drivers/STM32F4xx_HAL_Driver/Src/stm32f4xx_hal_cortex.o
 .debug_frame   0x0000000000001138      0x14c ./Drivers/STM32F4xx_HAL_Driver/Src/stm32f4xx_hal_gpio.o
 .debug_frame   0x0000000000001284      0x1f4 ./Drivers/STM32F4xx_HAL_Driver/Src/stm32f4xx_hal_rcc.o
 .debug_frame   0x0000000000001478      0x16c ./Drivers/STM32F4xx_HAL_Driver/Src/stm32f4xx_hal_rcc_ex.o
 .debug_frame   0x00000000000015e4      0x650 ./Drivers/STM32F4xx_HAL_Driver/Src/stm32f4xx_hal_sd.o
 .debug_frame   0x0000000000001c34      0x824 ./Drivers/STM32F4xx_HAL_Driver/Src/stm32f4xx_hal_spi.o
 .debug_frame   0x0000000000002458      0x6d0 ./Drivers/STM32F4xx_HAL_Driver/Src/stm32f4xx_ll_sdmmc.o
 .debug_frame   0x0000000000002b28       0x4c ./FATFS/App/fatfs.o
 .debug_frame   0x0000000000002b74      0x25c ./FATFS/Target/bsp_driver_sd.o
 .debug_frame   0x0000000000002dd0       0xe8 ./FATFS/Target/sd_diskio.o
 .debug_frame   0x0000000000002eb8       0xc8 ./Middlewares/Third_Party/FatFs/src/ff_gen_drv.o
 .debug_frame   0x0000000000002f80       0x2c c:/st/stm32cubeide_1.9.0/stm32cubeide/plugins/com.st.stm32cube.ide.mcu.externaltools.gnu-tools-for-stm32.10.3-2021.10.win32_1.0.0.202111181127/tools/bin/../lib/gcc/arm-none-eabi/10.3.1/../../../../arm-none-eabi/lib/thumb/v7e-m+fp/hard\libc_nano.a(lib_a-init.o)
 .debug_frame   0x0000000000002fac       0x20 c:/st/stm32cubeide_1.9.0/stm32cubeide/plugins/com.st.stm32cube.ide.mcu.externaltools.gnu-tools-for-stm32.10.3-2021.10.win32_1.0.0.202111181127/tools/bin/../lib/gcc/arm-none-eabi/10.3.1/../../../../arm-none-eabi/lib/thumb/v7e-m+fp/hard\libc_nano.a(lib_a-memset.o)
 .debug_frame   0x0000000000002fcc       0x2c c:/st/stm32cubeide_1.9.0/stm32cubeide/plugins/com.st.stm32cube.ide.mcu.externaltools.gnu-tools-for-stm32.10.3-2021.10.win32_1.0.0.202111181127/tools/bin/../lib/gcc/arm-none-eabi/10.3.1/thumb/v7e-m+fp/hard\libgcc.a(_aeabi_uldivmod.o)
 .debug_frame   0x0000000000002ff8       0x34 c:/st/stm32cubeide_1.9.0/stm32cubeide/plugins/com.st.stm32cube.ide.mcu.externaltools.gnu-tools-for-stm32.10.3-2021.10.win32_1.0.0.202111181127/tools/bin/../lib/gcc/arm-none-eabi/10.3.1/thumb/v7e-m+fp/hard\libgcc.a(_udivmoddi4.o)
